---
source: src/parse.rs
expression: result.unwrap()
---
Use \`\${var}\` or ${args.name}
