---
source: src/sanitize.rs
expression: "[sanitize_key(\"___\"),]"
---
[
    "___",
]
