---
source: src/parse.rs
expression: "[parse(\"Mixed types: {name:string} has {count:number} items\"),\nparse(\"Long interpolation names: {veryLongInterpolationNameThatShouldStillWork:string}\"),\nparse(\"Multiple same type: {first:string} and {second:string} and {third:string}\"),\nparse(\"Interpolations with unicode text: ðŸŽ‰ {celebration:string} ðŸŽŠ {party:number} ðŸ¥³\"),\nparse(\"Interpolations at boundaries: {start}middle text{end}\"),\nparse(\"Only interpolations: {a}{b}{c}{d}\"),]"
---
[
    Ok(
        [
            (
                "name",
                String,
            ),
            (
                "count",
                Number,
            ),
        ],
    ),
    Ok(
        [
            (
                "veryLongInterpolationNameThatShouldStillWork",
                String,
            ),
        ],
    ),
    Ok(
        [
            (
                "first",
                String,
            ),
            (
                "second",
                String,
            ),
            (
                "third",
                String,
            ),
        ],
    ),
    Ok(
        [
            (
                "celebration",
                String,
            ),
            (
                "party",
                Number,
            ),
        ],
    ),
    Ok(
        [
            (
                "start",
                None,
            ),
            (
                "end",
                None,
            ),
        ],
    ),
    Ok(
        [
            (
                "a",
                None,
            ),
            (
                "b",
                None,
            ),
            (
                "c",
                None,
            ),
            (
                "d",
                None,
            ),
        ],
    ),
]
