---
source: src/parse.rs
expression: result.unwrap()
---
${args.a} ${args.b} ${args.c} ${args.d}
