---
source: src/parse.rs
expression: result.unwrap()
---
Class: ${args.class_}, function: ${args.function_}
